ARM GAS  C:\Users\Ali\AppData\Local\Temp\ccrDxa2u.s 			page 1


   1              		.cpu cortex-m4
   2              		.arch armv7e-m
   3              		.fpu fpv4-sp-d16
   4              		.eabi_attribute 27, 1
   5              		.eabi_attribute 28, 1
   6              		.eabi_attribute 20, 1
   7              		.eabi_attribute 21, 1
   8              		.eabi_attribute 23, 3
   9              		.eabi_attribute 24, 1
  10              		.eabi_attribute 25, 1
  11              		.eabi_attribute 26, 1
  12              		.eabi_attribute 30, 1
  13              		.eabi_attribute 34, 1
  14              		.eabi_attribute 18, 4
  15              		.file	"main.c"
  16              		.text
  17              	.Ltext0:
  18              		.cfi_sections	.debug_frame
  19              		.file 1 "Core/Src/main.c"
  20              		.section	.text.MX_GPIO_Init,"ax",%progbits
  21              		.align	1
  22              		.syntax unified
  23              		.thumb
  24              		.thumb_func
  26              	MX_GPIO_Init:
  27              	.LFB135:
   1:Core/Src/main.c **** /* USER CODE BEGIN Header */
   2:Core/Src/main.c **** /**
   3:Core/Src/main.c ****   ******************************************************************************
   4:Core/Src/main.c ****   * @file           : main.c
   5:Core/Src/main.c ****   * @brief          : Main program body
   6:Core/Src/main.c ****   ******************************************************************************
   7:Core/Src/main.c ****   * @attention
   8:Core/Src/main.c ****   *
   9:Core/Src/main.c ****   * Copyright (c) 2025 STMicroelectronics.
  10:Core/Src/main.c ****   * All rights reserved.
  11:Core/Src/main.c ****   *
  12:Core/Src/main.c ****   * This software is licensed under terms that can be found in the LICENSE file
  13:Core/Src/main.c ****   * in the root directory of this software component.
  14:Core/Src/main.c ****   * If no LICENSE file comes with this software, it is provided AS-IS.
  15:Core/Src/main.c ****   *
  16:Core/Src/main.c ****   ******************************************************************************
  17:Core/Src/main.c ****   */
  18:Core/Src/main.c **** /* USER CODE END Header */
  19:Core/Src/main.c **** /* Includes ------------------------------------------------------------------*/
  20:Core/Src/main.c **** #include "main.h"
  21:Core/Src/main.c **** 
  22:Core/Src/main.c **** /* Private includes ----------------------------------------------------------*/
  23:Core/Src/main.c **** /* USER CODE BEGIN Includes */
  24:Core/Src/main.c **** #include "bootloader.h"
  25:Core/Src/main.c **** /* USER CODE END Includes */
  26:Core/Src/main.c **** 
  27:Core/Src/main.c **** /* Private typedef -----------------------------------------------------------*/
  28:Core/Src/main.c **** /* USER CODE BEGIN PTD */
  29:Core/Src/main.c **** 
  30:Core/Src/main.c **** /* USER CODE END PTD */
  31:Core/Src/main.c **** 
ARM GAS  C:\Users\Ali\AppData\Local\Temp\ccrDxa2u.s 			page 2


  32:Core/Src/main.c **** /* Private define ------------------------------------------------------------*/
  33:Core/Src/main.c **** /* USER CODE BEGIN PD */
  34:Core/Src/main.c **** 
  35:Core/Src/main.c **** /* USER CODE END PD */
  36:Core/Src/main.c **** 
  37:Core/Src/main.c **** /* Private macro -------------------------------------------------------------*/
  38:Core/Src/main.c **** /* USER CODE BEGIN PM */
  39:Core/Src/main.c **** 
  40:Core/Src/main.c **** /* USER CODE END PM */
  41:Core/Src/main.c **** 
  42:Core/Src/main.c **** /* Private variables ---------------------------------------------------------*/
  43:Core/Src/main.c **** CAN_HandleTypeDef hcan1;
  44:Core/Src/main.c **** 
  45:Core/Src/main.c **** /* USER CODE BEGIN PV */
  46:Core/Src/main.c **** 
  47:Core/Src/main.c **** /* USER CODE END PV */
  48:Core/Src/main.c **** 
  49:Core/Src/main.c **** /* Private function prototypes -----------------------------------------------*/
  50:Core/Src/main.c **** void SystemClock_Config(void);
  51:Core/Src/main.c **** static void MX_GPIO_Init(void);
  52:Core/Src/main.c **** static void MX_CAN1_Init(void);
  53:Core/Src/main.c **** /* USER CODE BEGIN PFP */
  54:Core/Src/main.c **** 
  55:Core/Src/main.c **** /* USER CODE END PFP */
  56:Core/Src/main.c **** 
  57:Core/Src/main.c **** /* Private user code ---------------------------------------------------------*/
  58:Core/Src/main.c **** /* USER CODE BEGIN 0 */
  59:Core/Src/main.c **** 
  60:Core/Src/main.c **** /* USER CODE END 0 */
  61:Core/Src/main.c **** 
  62:Core/Src/main.c **** /**
  63:Core/Src/main.c ****   * @brief  The application entry point.
  64:Core/Src/main.c ****   * @retval int
  65:Core/Src/main.c ****   */
  66:Core/Src/main.c **** int main(void)
  67:Core/Src/main.c **** {
  68:Core/Src/main.c **** 
  69:Core/Src/main.c ****   /* USER CODE BEGIN 1 */
  70:Core/Src/main.c **** 
  71:Core/Src/main.c ****   /* USER CODE END 1 */
  72:Core/Src/main.c **** 
  73:Core/Src/main.c ****   /* MCU Configuration--------------------------------------------------------*/
  74:Core/Src/main.c **** 
  75:Core/Src/main.c ****   /* Reset of all peripherals, Initializes the Flash interface and the Systick. */
  76:Core/Src/main.c ****   HAL_Init();
  77:Core/Src/main.c **** 
  78:Core/Src/main.c ****   /* USER CODE BEGIN Init */
  79:Core/Src/main.c **** 
  80:Core/Src/main.c ****   /* USER CODE END Init */
  81:Core/Src/main.c **** 
  82:Core/Src/main.c ****   /* Configure the system clock */
  83:Core/Src/main.c ****   SystemClock_Config();
  84:Core/Src/main.c **** 
  85:Core/Src/main.c ****   /* USER CODE BEGIN SysInit */
  86:Core/Src/main.c **** 
  87:Core/Src/main.c ****   /* USER CODE END SysInit */
  88:Core/Src/main.c **** 
ARM GAS  C:\Users\Ali\AppData\Local\Temp\ccrDxa2u.s 			page 3


  89:Core/Src/main.c ****   /* Initialize all configured peripherals */
  90:Core/Src/main.c ****   MX_GPIO_Init();
  91:Core/Src/main.c ****   MX_CAN1_Init();
  92:Core/Src/main.c ****   /* USER CODE BEGIN 2 */
  93:Core/Src/main.c ****   
  94:Core/Src/main.c ****   /* Initialize bootloader */
  95:Core/Src/main.c ****   Bootloader_Init(&hcan1);
  96:Core/Src/main.c ****   
  97:Core/Src/main.c ****   /* Run bootloader main loop */
  98:Core/Src/main.c ****   Bootloader_Main();
  99:Core/Src/main.c **** 
 100:Core/Src/main.c ****   /* USER CODE END 2 */
 101:Core/Src/main.c **** 
 102:Core/Src/main.c ****   /* Infinite loop */
 103:Core/Src/main.c ****   /* USER CODE BEGIN WHILE */
 104:Core/Src/main.c ****   while (1)
 105:Core/Src/main.c ****   {
 106:Core/Src/main.c ****     /* USER CODE END WHILE */
 107:Core/Src/main.c **** 
 108:Core/Src/main.c ****     /* USER CODE BEGIN 3 */
 109:Core/Src/main.c ****   }
 110:Core/Src/main.c ****   /* USER CODE END 3 */
 111:Core/Src/main.c **** }
 112:Core/Src/main.c **** 
 113:Core/Src/main.c **** /**
 114:Core/Src/main.c ****   * @brief System Clock Configuration
 115:Core/Src/main.c ****   * @retval None
 116:Core/Src/main.c ****   */
 117:Core/Src/main.c **** void SystemClock_Config(void)
 118:Core/Src/main.c **** {
 119:Core/Src/main.c ****   RCC_OscInitTypeDef RCC_OscInitStruct = {0};
 120:Core/Src/main.c ****   RCC_ClkInitTypeDef RCC_ClkInitStruct = {0};
 121:Core/Src/main.c **** 
 122:Core/Src/main.c ****   /** Configure the main internal regulator output voltage
 123:Core/Src/main.c ****   */
 124:Core/Src/main.c ****   if (HAL_PWREx_ControlVoltageScaling(PWR_REGULATOR_VOLTAGE_SCALE1) != HAL_OK)
 125:Core/Src/main.c ****   {
 126:Core/Src/main.c ****     Error_Handler();
 127:Core/Src/main.c ****   }
 128:Core/Src/main.c **** 
 129:Core/Src/main.c ****   /** Initializes the RCC Oscillators according to the specified parameters
 130:Core/Src/main.c ****   * in the RCC_OscInitTypeDef structure.
 131:Core/Src/main.c ****   */
 132:Core/Src/main.c ****   RCC_OscInitStruct.OscillatorType = RCC_OSCILLATORTYPE_MSI;
 133:Core/Src/main.c ****   RCC_OscInitStruct.MSIState = RCC_MSI_ON;
 134:Core/Src/main.c ****   RCC_OscInitStruct.MSICalibrationValue = 0;
 135:Core/Src/main.c ****   RCC_OscInitStruct.MSIClockRange = RCC_MSIRANGE_11;
 136:Core/Src/main.c ****   RCC_OscInitStruct.PLL.PLLState = RCC_PLL_NONE;
 137:Core/Src/main.c ****   if (HAL_RCC_OscConfig(&RCC_OscInitStruct) != HAL_OK)
 138:Core/Src/main.c ****   {
 139:Core/Src/main.c ****     Error_Handler();
 140:Core/Src/main.c ****   }
 141:Core/Src/main.c **** 
 142:Core/Src/main.c ****   /** Initializes the CPU, AHB and APB buses clocks
 143:Core/Src/main.c ****   */
 144:Core/Src/main.c ****   RCC_ClkInitStruct.ClockType = RCC_CLOCKTYPE_HCLK|RCC_CLOCKTYPE_SYSCLK
 145:Core/Src/main.c ****                               |RCC_CLOCKTYPE_PCLK1|RCC_CLOCKTYPE_PCLK2;
ARM GAS  C:\Users\Ali\AppData\Local\Temp\ccrDxa2u.s 			page 4


 146:Core/Src/main.c ****   RCC_ClkInitStruct.SYSCLKSource = RCC_SYSCLKSOURCE_MSI;
 147:Core/Src/main.c ****   RCC_ClkInitStruct.AHBCLKDivider = RCC_SYSCLK_DIV1;
 148:Core/Src/main.c ****   RCC_ClkInitStruct.APB1CLKDivider = RCC_HCLK_DIV1;
 149:Core/Src/main.c ****   RCC_ClkInitStruct.APB2CLKDivider = RCC_HCLK_DIV1;
 150:Core/Src/main.c **** 
 151:Core/Src/main.c ****   if (HAL_RCC_ClockConfig(&RCC_ClkInitStruct, FLASH_LATENCY_2) != HAL_OK)
 152:Core/Src/main.c ****   {
 153:Core/Src/main.c ****     Error_Handler();
 154:Core/Src/main.c ****   }
 155:Core/Src/main.c **** }
 156:Core/Src/main.c **** 
 157:Core/Src/main.c **** /**
 158:Core/Src/main.c ****   * @brief CAN1 Initialization Function
 159:Core/Src/main.c ****   * @param None
 160:Core/Src/main.c ****   * @retval None
 161:Core/Src/main.c ****   */
 162:Core/Src/main.c **** static void MX_CAN1_Init(void)
 163:Core/Src/main.c **** {
 164:Core/Src/main.c **** 
 165:Core/Src/main.c ****   /* USER CODE BEGIN CAN1_Init 0 */
 166:Core/Src/main.c **** 
 167:Core/Src/main.c ****   /* USER CODE END CAN1_Init 0 */
 168:Core/Src/main.c **** 
 169:Core/Src/main.c ****   /* USER CODE BEGIN CAN1_Init 1 */
 170:Core/Src/main.c **** 
 171:Core/Src/main.c ****   /* USER CODE END CAN1_Init 1 */
 172:Core/Src/main.c ****   hcan1.Instance = CAN1;
 173:Core/Src/main.c ****   hcan1.Init.Prescaler = 6;
 174:Core/Src/main.c ****   hcan1.Init.Mode = CAN_MODE_NORMAL;
 175:Core/Src/main.c ****   hcan1.Init.SyncJumpWidth = CAN_SJW_1TQ;
 176:Core/Src/main.c ****   hcan1.Init.TimeSeg1 = CAN_BS1_13TQ;
 177:Core/Src/main.c ****   hcan1.Init.TimeSeg2 = CAN_BS2_2TQ;
 178:Core/Src/main.c ****   hcan1.Init.TimeTriggeredMode = DISABLE;
 179:Core/Src/main.c ****   hcan1.Init.AutoBusOff = ENABLE;
 180:Core/Src/main.c ****   hcan1.Init.AutoWakeUp = DISABLE;
 181:Core/Src/main.c ****   hcan1.Init.AutoRetransmission = ENABLE;
 182:Core/Src/main.c ****   hcan1.Init.ReceiveFifoLocked = ENABLE;
 183:Core/Src/main.c ****   hcan1.Init.TransmitFifoPriority = DISABLE;
 184:Core/Src/main.c ****   if (HAL_CAN_Init(&hcan1) != HAL_OK)
 185:Core/Src/main.c ****   {
 186:Core/Src/main.c ****     Error_Handler();
 187:Core/Src/main.c ****   }
 188:Core/Src/main.c ****   /* USER CODE BEGIN CAN1_Init 2 */
 189:Core/Src/main.c **** 
 190:Core/Src/main.c ****   /* USER CODE END CAN1_Init 2 */
 191:Core/Src/main.c **** 
 192:Core/Src/main.c **** }
 193:Core/Src/main.c **** 
 194:Core/Src/main.c **** /**
 195:Core/Src/main.c ****   * @brief GPIO Initialization Function
 196:Core/Src/main.c ****   * @param None
 197:Core/Src/main.c ****   * @retval None
 198:Core/Src/main.c ****   */
 199:Core/Src/main.c **** static void MX_GPIO_Init(void)
 200:Core/Src/main.c **** {
  28              		.loc 1 200 1 view -0
  29              		.cfi_startproc
ARM GAS  C:\Users\Ali\AppData\Local\Temp\ccrDxa2u.s 			page 5


  30              		@ args = 0, pretend = 0, frame = 32
  31              		@ frame_needed = 0, uses_anonymous_args = 0
  32 0000 00B5     		push	{lr}
  33              		.cfi_def_cfa_offset 4
  34              		.cfi_offset 14, -4
  35 0002 89B0     		sub	sp, sp, #36
  36              		.cfi_def_cfa_offset 40
 201:Core/Src/main.c ****   GPIO_InitTypeDef GPIO_InitStruct = {0};
  37              		.loc 1 201 3 view .LVU1
  38              		.loc 1 201 20 is_stmt 0 view .LVU2
  39 0004 03A9     		add	r1, sp, #12
  40 0006 0023     		movs	r3, #0
  41 0008 0393     		str	r3, [sp, #12]
  42 000a 4B60     		str	r3, [r1, #4]
  43 000c 8B60     		str	r3, [r1, #8]
  44 000e CB60     		str	r3, [r1, #12]
  45 0010 0B61     		str	r3, [r1, #16]
 202:Core/Src/main.c ****   
 203:Core/Src/main.c ****   /* USER CODE BEGIN MX_GPIO_Init_1 */
 204:Core/Src/main.c **** 
 205:Core/Src/main.c ****   /* USER CODE END MX_GPIO_Init_1 */
 206:Core/Src/main.c **** 
 207:Core/Src/main.c ****   /* GPIO Ports Clock Enable */
 208:Core/Src/main.c ****   __HAL_RCC_GPIOA_CLK_ENABLE();
  46              		.loc 1 208 3 is_stmt 1 view .LVU3
  47              	.LBB4:
  48              		.loc 1 208 3 view .LVU4
  49              		.loc 1 208 3 view .LVU5
  50 0012 03F18043 		add	r3, r3, #1073741824
  51 0016 03F50433 		add	r3, r3, #135168
  52 001a DA6C     		ldr	r2, [r3, #76]
  53 001c 42F00102 		orr	r2, r2, #1
  54 0020 DA64     		str	r2, [r3, #76]
  55              		.loc 1 208 3 view .LVU6
  56 0022 DA6C     		ldr	r2, [r3, #76]
  57 0024 02F00102 		and	r2, r2, #1
  58 0028 0092     		str	r2, [sp]
  59              		.loc 1 208 3 view .LVU7
  60 002a 009A     		ldr	r2, [sp]
  61              	.LBE4:
  62              		.loc 1 208 3 view .LVU8
 209:Core/Src/main.c ****   __HAL_RCC_GPIOB_CLK_ENABLE();
  63              		.loc 1 209 3 view .LVU9
  64              	.LBB5:
  65              		.loc 1 209 3 view .LVU10
  66              		.loc 1 209 3 view .LVU11
  67 002c DA6C     		ldr	r2, [r3, #76]
  68 002e 42F00202 		orr	r2, r2, #2
  69 0032 DA64     		str	r2, [r3, #76]
  70              		.loc 1 209 3 view .LVU12
  71 0034 DA6C     		ldr	r2, [r3, #76]
  72 0036 02F00202 		and	r2, r2, #2
  73 003a 0192     		str	r2, [sp, #4]
  74              		.loc 1 209 3 view .LVU13
  75 003c 019A     		ldr	r2, [sp, #4]
  76              	.LBE5:
  77              		.loc 1 209 3 view .LVU14
ARM GAS  C:\Users\Ali\AppData\Local\Temp\ccrDxa2u.s 			page 6


 210:Core/Src/main.c **** 
 211:Core/Src/main.c ****   /* USER CODE BEGIN MX_GPIO_Init_2 */
 212:Core/Src/main.c ****   /* Enable GPIOB clock for onboard LED at PB3 */
 213:Core/Src/main.c ****   __HAL_RCC_GPIOB_CLK_ENABLE();
  78              		.loc 1 213 3 view .LVU15
  79              	.LBB6:
  80              		.loc 1 213 3 view .LVU16
  81              		.loc 1 213 3 view .LVU17
  82 003e DA6C     		ldr	r2, [r3, #76]
  83 0040 42F00202 		orr	r2, r2, #2
  84 0044 DA64     		str	r2, [r3, #76]
  85              		.loc 1 213 3 view .LVU18
  86 0046 DB6C     		ldr	r3, [r3, #76]
  87 0048 03F00203 		and	r3, r3, #2
  88 004c 0293     		str	r3, [sp, #8]
  89              		.loc 1 213 3 view .LVU19
  90 004e 029B     		ldr	r3, [sp, #8]
  91              	.LBE6:
  92              		.loc 1 213 3 view .LVU20
 214:Core/Src/main.c ****   
 215:Core/Src/main.c ****   /* Initialize LED pin (PB3) */
 216:Core/Src/main.c ****   GPIO_InitStruct.Pin = LED_PIN;
  93              		.loc 1 216 3 view .LVU21
  94              		.loc 1 216 23 is_stmt 0 view .LVU22
  95 0050 0823     		movs	r3, #8
  96 0052 0393     		str	r3, [sp, #12]
 217:Core/Src/main.c ****   GPIO_InitStruct.Mode = GPIO_MODE_OUTPUT_PP;
  97              		.loc 1 217 3 is_stmt 1 view .LVU23
  98              		.loc 1 217 24 is_stmt 0 view .LVU24
  99 0054 0123     		movs	r3, #1
 100 0056 0493     		str	r3, [sp, #16]
 218:Core/Src/main.c ****   GPIO_InitStruct.Pull = GPIO_NOPULL;
 101              		.loc 1 218 3 is_stmt 1 view .LVU25
 219:Core/Src/main.c ****   GPIO_InitStruct.Speed = GPIO_SPEED_FREQ_LOW;
 102              		.loc 1 219 3 view .LVU26
 220:Core/Src/main.c ****   HAL_GPIO_Init(LED_PORT, &GPIO_InitStruct);
 103              		.loc 1 220 3 view .LVU27
 104 0058 0248     		ldr	r0, .L3
 105 005a FFF7FEFF 		bl	HAL_GPIO_Init
 106              	.LVL0:
 221:Core/Src/main.c ****   /* USER CODE END MX_GPIO_Init_2 */
 222:Core/Src/main.c **** }
 107              		.loc 1 222 1 is_stmt 0 view .LVU28
 108 005e 09B0     		add	sp, sp, #36
 109              		.cfi_def_cfa_offset 4
 110              		@ sp needed
 111 0060 5DF804FB 		ldr	pc, [sp], #4
 112              	.L4:
 113              		.align	2
 114              	.L3:
 115 0064 00040048 		.word	1207960576
 116              		.cfi_endproc
 117              	.LFE135:
 119              		.section	.text.Error_Handler,"ax",%progbits
 120              		.align	1
 121              		.global	Error_Handler
 122              		.syntax unified
ARM GAS  C:\Users\Ali\AppData\Local\Temp\ccrDxa2u.s 			page 7


 123              		.thumb
 124              		.thumb_func
 126              	Error_Handler:
 127              	.LFB136:
 223:Core/Src/main.c **** 
 224:Core/Src/main.c **** /* USER CODE BEGIN 4 */
 225:Core/Src/main.c **** 
 226:Core/Src/main.c **** /* USER CODE END 4 */
 227:Core/Src/main.c **** 
 228:Core/Src/main.c **** /**
 229:Core/Src/main.c ****   * @brief  This function is executed in case of error occurrence.
 230:Core/Src/main.c ****   * @retval None
 231:Core/Src/main.c ****   */
 232:Core/Src/main.c **** void Error_Handler(void)
 233:Core/Src/main.c **** {
 128              		.loc 1 233 1 is_stmt 1 view -0
 129              		.cfi_startproc
 130              		@ Volatile: function does not return.
 131              		@ args = 0, pretend = 0, frame = 0
 132              		@ frame_needed = 0, uses_anonymous_args = 0
 133              		@ link register save eliminated.
 234:Core/Src/main.c ****   /* USER CODE BEGIN Error_Handler_Debug */
 235:Core/Src/main.c ****   /* User can add his own implementation to report the HAL error return state */
 236:Core/Src/main.c ****   __disable_irq();
 134              		.loc 1 236 3 view .LVU30
 135              	.LBB7:
 136              	.LBI7:
 137              		.file 2 "Drivers/CMSIS/Include/cmsis_gcc.h"
   1:Drivers/CMSIS/Include/cmsis_gcc.h **** /**************************************************************************//**
   2:Drivers/CMSIS/Include/cmsis_gcc.h ****  * @file     cmsis_gcc.h
   3:Drivers/CMSIS/Include/cmsis_gcc.h ****  * @brief    CMSIS compiler GCC header file
   4:Drivers/CMSIS/Include/cmsis_gcc.h ****  * @version  V5.2.0
   5:Drivers/CMSIS/Include/cmsis_gcc.h ****  * @date     08. May 2019
   6:Drivers/CMSIS/Include/cmsis_gcc.h ****  ******************************************************************************/
   7:Drivers/CMSIS/Include/cmsis_gcc.h **** /*
   8:Drivers/CMSIS/Include/cmsis_gcc.h ****  * Copyright (c) 2009-2019 Arm Limited. All rights reserved.
   9:Drivers/CMSIS/Include/cmsis_gcc.h ****  *
  10:Drivers/CMSIS/Include/cmsis_gcc.h ****  * SPDX-License-Identifier: Apache-2.0
  11:Drivers/CMSIS/Include/cmsis_gcc.h ****  *
  12:Drivers/CMSIS/Include/cmsis_gcc.h ****  * Licensed under the Apache License, Version 2.0 (the License); you may
  13:Drivers/CMSIS/Include/cmsis_gcc.h ****  * not use this file except in compliance with the License.
  14:Drivers/CMSIS/Include/cmsis_gcc.h ****  * You may obtain a copy of the License at
  15:Drivers/CMSIS/Include/cmsis_gcc.h ****  *
  16:Drivers/CMSIS/Include/cmsis_gcc.h ****  * www.apache.org/licenses/LICENSE-2.0
  17:Drivers/CMSIS/Include/cmsis_gcc.h ****  *
  18:Drivers/CMSIS/Include/cmsis_gcc.h ****  * Unless required by applicable law or agreed to in writing, software
  19:Drivers/CMSIS/Include/cmsis_gcc.h ****  * distributed under the License is distributed on an AS IS BASIS, WITHOUT
  20:Drivers/CMSIS/Include/cmsis_gcc.h ****  * WARRANTIES OR CONDITIONS OF ANY KIND, either express or implied.
  21:Drivers/CMSIS/Include/cmsis_gcc.h ****  * See the License for the specific language governing permissions and
  22:Drivers/CMSIS/Include/cmsis_gcc.h ****  * limitations under the License.
  23:Drivers/CMSIS/Include/cmsis_gcc.h ****  */
  24:Drivers/CMSIS/Include/cmsis_gcc.h **** 
  25:Drivers/CMSIS/Include/cmsis_gcc.h **** #ifndef __CMSIS_GCC_H
  26:Drivers/CMSIS/Include/cmsis_gcc.h **** #define __CMSIS_GCC_H
  27:Drivers/CMSIS/Include/cmsis_gcc.h **** 
  28:Drivers/CMSIS/Include/cmsis_gcc.h **** /* ignore some GCC warnings */
  29:Drivers/CMSIS/Include/cmsis_gcc.h **** #pragma GCC diagnostic push
ARM GAS  C:\Users\Ali\AppData\Local\Temp\ccrDxa2u.s 			page 8


  30:Drivers/CMSIS/Include/cmsis_gcc.h **** #pragma GCC diagnostic ignored "-Wsign-conversion"
  31:Drivers/CMSIS/Include/cmsis_gcc.h **** #pragma GCC diagnostic ignored "-Wconversion"
  32:Drivers/CMSIS/Include/cmsis_gcc.h **** #pragma GCC diagnostic ignored "-Wunused-parameter"
  33:Drivers/CMSIS/Include/cmsis_gcc.h **** 
  34:Drivers/CMSIS/Include/cmsis_gcc.h **** /* Fallback for __has_builtin */
  35:Drivers/CMSIS/Include/cmsis_gcc.h **** #ifndef __has_builtin
  36:Drivers/CMSIS/Include/cmsis_gcc.h ****   #define __has_builtin(x) (0)
  37:Drivers/CMSIS/Include/cmsis_gcc.h **** #endif
  38:Drivers/CMSIS/Include/cmsis_gcc.h **** 
  39:Drivers/CMSIS/Include/cmsis_gcc.h **** /* CMSIS compiler specific defines */
  40:Drivers/CMSIS/Include/cmsis_gcc.h **** #ifndef   __ASM
  41:Drivers/CMSIS/Include/cmsis_gcc.h ****   #define __ASM                                  __asm
  42:Drivers/CMSIS/Include/cmsis_gcc.h **** #endif
  43:Drivers/CMSIS/Include/cmsis_gcc.h **** #ifndef   __INLINE
  44:Drivers/CMSIS/Include/cmsis_gcc.h ****   #define __INLINE                               inline
  45:Drivers/CMSIS/Include/cmsis_gcc.h **** #endif
  46:Drivers/CMSIS/Include/cmsis_gcc.h **** #ifndef   __STATIC_INLINE
  47:Drivers/CMSIS/Include/cmsis_gcc.h ****   #define __STATIC_INLINE                        static inline
  48:Drivers/CMSIS/Include/cmsis_gcc.h **** #endif
  49:Drivers/CMSIS/Include/cmsis_gcc.h **** #ifndef   __STATIC_FORCEINLINE                 
  50:Drivers/CMSIS/Include/cmsis_gcc.h ****   #define __STATIC_FORCEINLINE                   __attribute__((always_inline)) static inline
  51:Drivers/CMSIS/Include/cmsis_gcc.h **** #endif                                           
  52:Drivers/CMSIS/Include/cmsis_gcc.h **** #ifndef   __NO_RETURN
  53:Drivers/CMSIS/Include/cmsis_gcc.h ****   #define __NO_RETURN                            __attribute__((__noreturn__))
  54:Drivers/CMSIS/Include/cmsis_gcc.h **** #endif
  55:Drivers/CMSIS/Include/cmsis_gcc.h **** #ifndef   __USED
  56:Drivers/CMSIS/Include/cmsis_gcc.h ****   #define __USED                                 __attribute__((used))
  57:Drivers/CMSIS/Include/cmsis_gcc.h **** #endif
  58:Drivers/CMSIS/Include/cmsis_gcc.h **** #ifndef   __WEAK
  59:Drivers/CMSIS/Include/cmsis_gcc.h ****   #define __WEAK                                 __attribute__((weak))
  60:Drivers/CMSIS/Include/cmsis_gcc.h **** #endif
  61:Drivers/CMSIS/Include/cmsis_gcc.h **** #ifndef   __PACKED
  62:Drivers/CMSIS/Include/cmsis_gcc.h ****   #define __PACKED                               __attribute__((packed, aligned(1)))
  63:Drivers/CMSIS/Include/cmsis_gcc.h **** #endif
  64:Drivers/CMSIS/Include/cmsis_gcc.h **** #ifndef   __PACKED_STRUCT
  65:Drivers/CMSIS/Include/cmsis_gcc.h ****   #define __PACKED_STRUCT                        struct __attribute__((packed, aligned(1)))
  66:Drivers/CMSIS/Include/cmsis_gcc.h **** #endif
  67:Drivers/CMSIS/Include/cmsis_gcc.h **** #ifndef   __PACKED_UNION
  68:Drivers/CMSIS/Include/cmsis_gcc.h ****   #define __PACKED_UNION                         union __attribute__((packed, aligned(1)))
  69:Drivers/CMSIS/Include/cmsis_gcc.h **** #endif
  70:Drivers/CMSIS/Include/cmsis_gcc.h **** #ifndef   __UNALIGNED_UINT32        /* deprecated */
  71:Drivers/CMSIS/Include/cmsis_gcc.h ****   #pragma GCC diagnostic push
  72:Drivers/CMSIS/Include/cmsis_gcc.h ****   #pragma GCC diagnostic ignored "-Wpacked"
  73:Drivers/CMSIS/Include/cmsis_gcc.h ****   #pragma GCC diagnostic ignored "-Wattributes"
  74:Drivers/CMSIS/Include/cmsis_gcc.h ****   struct __attribute__((packed)) T_UINT32 { uint32_t v; };
  75:Drivers/CMSIS/Include/cmsis_gcc.h ****   #pragma GCC diagnostic pop
  76:Drivers/CMSIS/Include/cmsis_gcc.h ****   #define __UNALIGNED_UINT32(x)                  (((struct T_UINT32 *)(x))->v)
  77:Drivers/CMSIS/Include/cmsis_gcc.h **** #endif
  78:Drivers/CMSIS/Include/cmsis_gcc.h **** #ifndef   __UNALIGNED_UINT16_WRITE
  79:Drivers/CMSIS/Include/cmsis_gcc.h ****   #pragma GCC diagnostic push
  80:Drivers/CMSIS/Include/cmsis_gcc.h ****   #pragma GCC diagnostic ignored "-Wpacked"
  81:Drivers/CMSIS/Include/cmsis_gcc.h ****   #pragma GCC diagnostic ignored "-Wattributes"
  82:Drivers/CMSIS/Include/cmsis_gcc.h ****   __PACKED_STRUCT T_UINT16_WRITE { uint16_t v; };
  83:Drivers/CMSIS/Include/cmsis_gcc.h ****   #pragma GCC diagnostic pop
  84:Drivers/CMSIS/Include/cmsis_gcc.h ****   #define __UNALIGNED_UINT16_WRITE(addr, val)    (void)((((struct T_UINT16_WRITE *)(void *)(addr))-
  85:Drivers/CMSIS/Include/cmsis_gcc.h **** #endif
  86:Drivers/CMSIS/Include/cmsis_gcc.h **** #ifndef   __UNALIGNED_UINT16_READ
ARM GAS  C:\Users\Ali\AppData\Local\Temp\ccrDxa2u.s 			page 9


  87:Drivers/CMSIS/Include/cmsis_gcc.h ****   #pragma GCC diagnostic push
  88:Drivers/CMSIS/Include/cmsis_gcc.h ****   #pragma GCC diagnostic ignored "-Wpacked"
  89:Drivers/CMSIS/Include/cmsis_gcc.h ****   #pragma GCC diagnostic ignored "-Wattributes"
  90:Drivers/CMSIS/Include/cmsis_gcc.h ****   __PACKED_STRUCT T_UINT16_READ { uint16_t v; };
  91:Drivers/CMSIS/Include/cmsis_gcc.h ****   #pragma GCC diagnostic pop
  92:Drivers/CMSIS/Include/cmsis_gcc.h ****   #define __UNALIGNED_UINT16_READ(addr)          (((const struct T_UINT16_READ *)(const void *)(add
  93:Drivers/CMSIS/Include/cmsis_gcc.h **** #endif
  94:Drivers/CMSIS/Include/cmsis_gcc.h **** #ifndef   __UNALIGNED_UINT32_WRITE
  95:Drivers/CMSIS/Include/cmsis_gcc.h ****   #pragma GCC diagnostic push
  96:Drivers/CMSIS/Include/cmsis_gcc.h ****   #pragma GCC diagnostic ignored "-Wpacked"
  97:Drivers/CMSIS/Include/cmsis_gcc.h ****   #pragma GCC diagnostic ignored "-Wattributes"
  98:Drivers/CMSIS/Include/cmsis_gcc.h ****   __PACKED_STRUCT T_UINT32_WRITE { uint32_t v; };
  99:Drivers/CMSIS/Include/cmsis_gcc.h ****   #pragma GCC diagnostic pop
 100:Drivers/CMSIS/Include/cmsis_gcc.h ****   #define __UNALIGNED_UINT32_WRITE(addr, val)    (void)((((struct T_UINT32_WRITE *)(void *)(addr))-
 101:Drivers/CMSIS/Include/cmsis_gcc.h **** #endif
 102:Drivers/CMSIS/Include/cmsis_gcc.h **** #ifndef   __UNALIGNED_UINT32_READ
 103:Drivers/CMSIS/Include/cmsis_gcc.h ****   #pragma GCC diagnostic push
 104:Drivers/CMSIS/Include/cmsis_gcc.h ****   #pragma GCC diagnostic ignored "-Wpacked"
 105:Drivers/CMSIS/Include/cmsis_gcc.h ****   #pragma GCC diagnostic ignored "-Wattributes"
 106:Drivers/CMSIS/Include/cmsis_gcc.h ****   __PACKED_STRUCT T_UINT32_READ { uint32_t v; };
 107:Drivers/CMSIS/Include/cmsis_gcc.h ****   #pragma GCC diagnostic pop
 108:Drivers/CMSIS/Include/cmsis_gcc.h ****   #define __UNALIGNED_UINT32_READ(addr)          (((const struct T_UINT32_READ *)(const void *)(add
 109:Drivers/CMSIS/Include/cmsis_gcc.h **** #endif
 110:Drivers/CMSIS/Include/cmsis_gcc.h **** #ifndef   __ALIGNED
 111:Drivers/CMSIS/Include/cmsis_gcc.h ****   #define __ALIGNED(x)                           __attribute__((aligned(x)))
 112:Drivers/CMSIS/Include/cmsis_gcc.h **** #endif
 113:Drivers/CMSIS/Include/cmsis_gcc.h **** #ifndef   __RESTRICT
 114:Drivers/CMSIS/Include/cmsis_gcc.h ****   #define __RESTRICT                             __restrict
 115:Drivers/CMSIS/Include/cmsis_gcc.h **** #endif
 116:Drivers/CMSIS/Include/cmsis_gcc.h **** #ifndef   __COMPILER_BARRIER
 117:Drivers/CMSIS/Include/cmsis_gcc.h ****   #define __COMPILER_BARRIER()                   __ASM volatile("":::"memory")
 118:Drivers/CMSIS/Include/cmsis_gcc.h **** #endif
 119:Drivers/CMSIS/Include/cmsis_gcc.h **** 
 120:Drivers/CMSIS/Include/cmsis_gcc.h **** /* #########################  Startup and Lowlevel Init  ######################## */
 121:Drivers/CMSIS/Include/cmsis_gcc.h **** 
 122:Drivers/CMSIS/Include/cmsis_gcc.h **** #ifndef __PROGRAM_START
 123:Drivers/CMSIS/Include/cmsis_gcc.h **** 
 124:Drivers/CMSIS/Include/cmsis_gcc.h **** /**
 125:Drivers/CMSIS/Include/cmsis_gcc.h ****   \brief   Initializes data and bss sections
 126:Drivers/CMSIS/Include/cmsis_gcc.h ****   \details This default implementations initialized all data and additional bss
 127:Drivers/CMSIS/Include/cmsis_gcc.h ****            sections relying on .copy.table and .zero.table specified properly
 128:Drivers/CMSIS/Include/cmsis_gcc.h ****            in the used linker script.
 129:Drivers/CMSIS/Include/cmsis_gcc.h ****   
 130:Drivers/CMSIS/Include/cmsis_gcc.h ****  */
 131:Drivers/CMSIS/Include/cmsis_gcc.h **** __STATIC_FORCEINLINE __NO_RETURN void __cmsis_start(void)
 132:Drivers/CMSIS/Include/cmsis_gcc.h **** {
 133:Drivers/CMSIS/Include/cmsis_gcc.h ****   extern void _start(void) __NO_RETURN;
 134:Drivers/CMSIS/Include/cmsis_gcc.h ****   
 135:Drivers/CMSIS/Include/cmsis_gcc.h ****   typedef struct {
 136:Drivers/CMSIS/Include/cmsis_gcc.h ****     uint32_t const* src;
 137:Drivers/CMSIS/Include/cmsis_gcc.h ****     uint32_t* dest;
 138:Drivers/CMSIS/Include/cmsis_gcc.h ****     uint32_t  wlen;
 139:Drivers/CMSIS/Include/cmsis_gcc.h ****   } __copy_table_t;
 140:Drivers/CMSIS/Include/cmsis_gcc.h ****   
 141:Drivers/CMSIS/Include/cmsis_gcc.h ****   typedef struct {
 142:Drivers/CMSIS/Include/cmsis_gcc.h ****     uint32_t* dest;
 143:Drivers/CMSIS/Include/cmsis_gcc.h ****     uint32_t  wlen;
ARM GAS  C:\Users\Ali\AppData\Local\Temp\ccrDxa2u.s 			page 10


 144:Drivers/CMSIS/Include/cmsis_gcc.h ****   } __zero_table_t;
 145:Drivers/CMSIS/Include/cmsis_gcc.h ****   
 146:Drivers/CMSIS/Include/cmsis_gcc.h ****   extern const __copy_table_t __copy_table_start__;
 147:Drivers/CMSIS/Include/cmsis_gcc.h ****   extern const __copy_table_t __copy_table_end__;
 148:Drivers/CMSIS/Include/cmsis_gcc.h ****   extern const __zero_table_t __zero_table_start__;
 149:Drivers/CMSIS/Include/cmsis_gcc.h ****   extern const __zero_table_t __zero_table_end__;
 150:Drivers/CMSIS/Include/cmsis_gcc.h **** 
 151:Drivers/CMSIS/Include/cmsis_gcc.h ****   for (__copy_table_t const* pTable = &__copy_table_start__; pTable < &__copy_table_end__; ++pTable
 152:Drivers/CMSIS/Include/cmsis_gcc.h ****     for(uint32_t i=0u; i<pTable->wlen; ++i) {
 153:Drivers/CMSIS/Include/cmsis_gcc.h ****       pTable->dest[i] = pTable->src[i];
 154:Drivers/CMSIS/Include/cmsis_gcc.h ****     }
 155:Drivers/CMSIS/Include/cmsis_gcc.h ****   }
 156:Drivers/CMSIS/Include/cmsis_gcc.h ****  
 157:Drivers/CMSIS/Include/cmsis_gcc.h ****   for (__zero_table_t const* pTable = &__zero_table_start__; pTable < &__zero_table_end__; ++pTable
 158:Drivers/CMSIS/Include/cmsis_gcc.h ****     for(uint32_t i=0u; i<pTable->wlen; ++i) {
 159:Drivers/CMSIS/Include/cmsis_gcc.h ****       pTable->dest[i] = 0u;
 160:Drivers/CMSIS/Include/cmsis_gcc.h ****     }
 161:Drivers/CMSIS/Include/cmsis_gcc.h ****   }
 162:Drivers/CMSIS/Include/cmsis_gcc.h ****  
 163:Drivers/CMSIS/Include/cmsis_gcc.h ****   _start();
 164:Drivers/CMSIS/Include/cmsis_gcc.h **** }
 165:Drivers/CMSIS/Include/cmsis_gcc.h ****   
 166:Drivers/CMSIS/Include/cmsis_gcc.h **** #define __PROGRAM_START           __cmsis_start
 167:Drivers/CMSIS/Include/cmsis_gcc.h **** #endif
 168:Drivers/CMSIS/Include/cmsis_gcc.h **** 
 169:Drivers/CMSIS/Include/cmsis_gcc.h **** #ifndef __INITIAL_SP
 170:Drivers/CMSIS/Include/cmsis_gcc.h **** #define __INITIAL_SP              __StackTop
 171:Drivers/CMSIS/Include/cmsis_gcc.h **** #endif
 172:Drivers/CMSIS/Include/cmsis_gcc.h **** 
 173:Drivers/CMSIS/Include/cmsis_gcc.h **** #ifndef __STACK_LIMIT
 174:Drivers/CMSIS/Include/cmsis_gcc.h **** #define __STACK_LIMIT             __StackLimit
 175:Drivers/CMSIS/Include/cmsis_gcc.h **** #endif
 176:Drivers/CMSIS/Include/cmsis_gcc.h **** 
 177:Drivers/CMSIS/Include/cmsis_gcc.h **** #ifndef __VECTOR_TABLE
 178:Drivers/CMSIS/Include/cmsis_gcc.h **** #define __VECTOR_TABLE            __Vectors
 179:Drivers/CMSIS/Include/cmsis_gcc.h **** #endif
 180:Drivers/CMSIS/Include/cmsis_gcc.h **** 
 181:Drivers/CMSIS/Include/cmsis_gcc.h **** #ifndef __VECTOR_TABLE_ATTRIBUTE
 182:Drivers/CMSIS/Include/cmsis_gcc.h **** #define __VECTOR_TABLE_ATTRIBUTE  __attribute((used, section(".vectors")))
 183:Drivers/CMSIS/Include/cmsis_gcc.h **** #endif
 184:Drivers/CMSIS/Include/cmsis_gcc.h **** 
 185:Drivers/CMSIS/Include/cmsis_gcc.h **** /* ###########################  Core Function Access  ########################### */
 186:Drivers/CMSIS/Include/cmsis_gcc.h **** /** \ingroup  CMSIS_Core_FunctionInterface
 187:Drivers/CMSIS/Include/cmsis_gcc.h ****     \defgroup CMSIS_Core_RegAccFunctions CMSIS Core Register Access Functions
 188:Drivers/CMSIS/Include/cmsis_gcc.h ****   @{
 189:Drivers/CMSIS/Include/cmsis_gcc.h ****  */
 190:Drivers/CMSIS/Include/cmsis_gcc.h **** 
 191:Drivers/CMSIS/Include/cmsis_gcc.h **** /**
 192:Drivers/CMSIS/Include/cmsis_gcc.h ****   \brief   Enable IRQ Interrupts
 193:Drivers/CMSIS/Include/cmsis_gcc.h ****   \details Enables IRQ interrupts by clearing the I-bit in the CPSR.
 194:Drivers/CMSIS/Include/cmsis_gcc.h ****            Can only be executed in Privileged modes.
 195:Drivers/CMSIS/Include/cmsis_gcc.h ****  */
 196:Drivers/CMSIS/Include/cmsis_gcc.h **** __STATIC_FORCEINLINE void __enable_irq(void)
 197:Drivers/CMSIS/Include/cmsis_gcc.h **** {
 198:Drivers/CMSIS/Include/cmsis_gcc.h ****   __ASM volatile ("cpsie i" : : : "memory");
 199:Drivers/CMSIS/Include/cmsis_gcc.h **** }
 200:Drivers/CMSIS/Include/cmsis_gcc.h **** 
ARM GAS  C:\Users\Ali\AppData\Local\Temp\ccrDxa2u.s 			page 11


 201:Drivers/CMSIS/Include/cmsis_gcc.h **** 
 202:Drivers/CMSIS/Include/cmsis_gcc.h **** /**
 203:Drivers/CMSIS/Include/cmsis_gcc.h ****   \brief   Disable IRQ Interrupts
 204:Drivers/CMSIS/Include/cmsis_gcc.h ****   \details Disables IRQ interrupts by setting the I-bit in the CPSR.
 205:Drivers/CMSIS/Include/cmsis_gcc.h ****            Can only be executed in Privileged modes.
 206:Drivers/CMSIS/Include/cmsis_gcc.h ****  */
 207:Drivers/CMSIS/Include/cmsis_gcc.h **** __STATIC_FORCEINLINE void __disable_irq(void)
 138              		.loc 2 207 27 view .LVU31
 139              	.LBB8:
 208:Drivers/CMSIS/Include/cmsis_gcc.h **** {
 209:Drivers/CMSIS/Include/cmsis_gcc.h ****   __ASM volatile ("cpsid i" : : : "memory");
 140              		.loc 2 209 3 view .LVU32
 141              		.syntax unified
 142              	@ 209 "Drivers/CMSIS/Include/cmsis_gcc.h" 1
 143 0000 72B6     		cpsid i
 144              	@ 0 "" 2
 145              		.thumb
 146              		.syntax unified
 147              	.L6:
 148              	.LBE8:
 149              	.LBE7:
 237:Core/Src/main.c ****   while (1)
 150              		.loc 1 237 3 view .LVU33
 238:Core/Src/main.c ****   {
 239:Core/Src/main.c ****   }
 151              		.loc 1 239 3 view .LVU34
 237:Core/Src/main.c ****   while (1)
 152              		.loc 1 237 9 view .LVU35
 153 0002 FEE7     		b	.L6
 154              		.cfi_endproc
 155              	.LFE136:
 157              		.section	.text.MX_CAN1_Init,"ax",%progbits
 158              		.align	1
 159              		.syntax unified
 160              		.thumb
 161              		.thumb_func
 163              	MX_CAN1_Init:
 164              	.LFB134:
 163:Core/Src/main.c **** 
 165              		.loc 1 163 1 view -0
 166              		.cfi_startproc
 167              		@ args = 0, pretend = 0, frame = 0
 168              		@ frame_needed = 0, uses_anonymous_args = 0
 169 0000 08B5     		push	{r3, lr}
 170              		.cfi_def_cfa_offset 8
 171              		.cfi_offset 3, -8
 172              		.cfi_offset 14, -4
 172:Core/Src/main.c ****   hcan1.Init.Prescaler = 6;
 173              		.loc 1 172 3 view .LVU37
 172:Core/Src/main.c ****   hcan1.Init.Prescaler = 6;
 174              		.loc 1 172 18 is_stmt 0 view .LVU38
 175 0002 0D48     		ldr	r0, .L11
 176 0004 0D4B     		ldr	r3, .L11+4
 177 0006 0360     		str	r3, [r0]
 173:Core/Src/main.c ****   hcan1.Init.Mode = CAN_MODE_NORMAL;
 178              		.loc 1 173 3 is_stmt 1 view .LVU39
 173:Core/Src/main.c ****   hcan1.Init.Mode = CAN_MODE_NORMAL;
ARM GAS  C:\Users\Ali\AppData\Local\Temp\ccrDxa2u.s 			page 12


 179              		.loc 1 173 24 is_stmt 0 view .LVU40
 180 0008 0623     		movs	r3, #6
 181 000a 4360     		str	r3, [r0, #4]
 174:Core/Src/main.c ****   hcan1.Init.SyncJumpWidth = CAN_SJW_1TQ;
 182              		.loc 1 174 3 is_stmt 1 view .LVU41
 174:Core/Src/main.c ****   hcan1.Init.SyncJumpWidth = CAN_SJW_1TQ;
 183              		.loc 1 174 19 is_stmt 0 view .LVU42
 184 000c 0023     		movs	r3, #0
 185 000e 8360     		str	r3, [r0, #8]
 175:Core/Src/main.c ****   hcan1.Init.TimeSeg1 = CAN_BS1_13TQ;
 186              		.loc 1 175 3 is_stmt 1 view .LVU43
 175:Core/Src/main.c ****   hcan1.Init.TimeSeg1 = CAN_BS1_13TQ;
 187              		.loc 1 175 28 is_stmt 0 view .LVU44
 188 0010 C360     		str	r3, [r0, #12]
 176:Core/Src/main.c ****   hcan1.Init.TimeSeg2 = CAN_BS2_2TQ;
 189              		.loc 1 176 3 is_stmt 1 view .LVU45
 176:Core/Src/main.c ****   hcan1.Init.TimeSeg2 = CAN_BS2_2TQ;
 190              		.loc 1 176 23 is_stmt 0 view .LVU46
 191 0012 4FF44022 		mov	r2, #786432
 192 0016 0261     		str	r2, [r0, #16]
 177:Core/Src/main.c ****   hcan1.Init.TimeTriggeredMode = DISABLE;
 193              		.loc 1 177 3 is_stmt 1 view .LVU47
 177:Core/Src/main.c ****   hcan1.Init.TimeTriggeredMode = DISABLE;
 194              		.loc 1 177 23 is_stmt 0 view .LVU48
 195 0018 4FF48012 		mov	r2, #1048576
 196 001c 4261     		str	r2, [r0, #20]
 178:Core/Src/main.c ****   hcan1.Init.AutoBusOff = ENABLE;
 197              		.loc 1 178 3 is_stmt 1 view .LVU49
 178:Core/Src/main.c ****   hcan1.Init.AutoBusOff = ENABLE;
 198              		.loc 1 178 32 is_stmt 0 view .LVU50
 199 001e 0376     		strb	r3, [r0, #24]
 179:Core/Src/main.c ****   hcan1.Init.AutoWakeUp = DISABLE;
 200              		.loc 1 179 3 is_stmt 1 view .LVU51
 179:Core/Src/main.c ****   hcan1.Init.AutoWakeUp = DISABLE;
 201              		.loc 1 179 25 is_stmt 0 view .LVU52
 202 0020 0122     		movs	r2, #1
 203 0022 4276     		strb	r2, [r0, #25]
 180:Core/Src/main.c ****   hcan1.Init.AutoRetransmission = ENABLE;
 204              		.loc 1 180 3 is_stmt 1 view .LVU53
 180:Core/Src/main.c ****   hcan1.Init.AutoRetransmission = ENABLE;
 205              		.loc 1 180 25 is_stmt 0 view .LVU54
 206 0024 8376     		strb	r3, [r0, #26]
 181:Core/Src/main.c ****   hcan1.Init.ReceiveFifoLocked = ENABLE;
 207              		.loc 1 181 3 is_stmt 1 view .LVU55
 181:Core/Src/main.c ****   hcan1.Init.ReceiveFifoLocked = ENABLE;
 208              		.loc 1 181 33 is_stmt 0 view .LVU56
 209 0026 C276     		strb	r2, [r0, #27]
 182:Core/Src/main.c ****   hcan1.Init.TransmitFifoPriority = DISABLE;
 210              		.loc 1 182 3 is_stmt 1 view .LVU57
 182:Core/Src/main.c ****   hcan1.Init.TransmitFifoPriority = DISABLE;
 211              		.loc 1 182 32 is_stmt 0 view .LVU58
 212 0028 0277     		strb	r2, [r0, #28]
 183:Core/Src/main.c ****   if (HAL_CAN_Init(&hcan1) != HAL_OK)
 213              		.loc 1 183 3 is_stmt 1 view .LVU59
 183:Core/Src/main.c ****   if (HAL_CAN_Init(&hcan1) != HAL_OK)
 214              		.loc 1 183 35 is_stmt 0 view .LVU60
 215 002a 4377     		strb	r3, [r0, #29]
ARM GAS  C:\Users\Ali\AppData\Local\Temp\ccrDxa2u.s 			page 13


 184:Core/Src/main.c ****   {
 216              		.loc 1 184 3 is_stmt 1 view .LVU61
 184:Core/Src/main.c ****   {
 217              		.loc 1 184 7 is_stmt 0 view .LVU62
 218 002c FFF7FEFF 		bl	HAL_CAN_Init
 219              	.LVL1:
 184:Core/Src/main.c ****   {
 220              		.loc 1 184 6 discriminator 1 view .LVU63
 221 0030 00B9     		cbnz	r0, .L10
 192:Core/Src/main.c **** 
 222              		.loc 1 192 1 view .LVU64
 223 0032 08BD     		pop	{r3, pc}
 224              	.L10:
 186:Core/Src/main.c ****   }
 225              		.loc 1 186 5 is_stmt 1 view .LVU65
 226 0034 FFF7FEFF 		bl	Error_Handler
 227              	.LVL2:
 228              	.L12:
 229              		.align	2
 230              	.L11:
 231 0038 00000000 		.word	hcan1
 232 003c 00640040 		.word	1073767424
 233              		.cfi_endproc
 234              	.LFE134:
 236              		.section	.text.SystemClock_Config,"ax",%progbits
 237              		.align	1
 238              		.global	SystemClock_Config
 239              		.syntax unified
 240              		.thumb
 241              		.thumb_func
 243              	SystemClock_Config:
 244              	.LFB133:
 118:Core/Src/main.c ****   RCC_OscInitTypeDef RCC_OscInitStruct = {0};
 245              		.loc 1 118 1 view -0
 246              		.cfi_startproc
 247              		@ args = 0, pretend = 0, frame = 88
 248              		@ frame_needed = 0, uses_anonymous_args = 0
 249 0000 00B5     		push	{lr}
 250              		.cfi_def_cfa_offset 4
 251              		.cfi_offset 14, -4
 252 0002 97B0     		sub	sp, sp, #92
 253              		.cfi_def_cfa_offset 96
 119:Core/Src/main.c ****   RCC_ClkInitTypeDef RCC_ClkInitStruct = {0};
 254              		.loc 1 119 3 view .LVU67
 119:Core/Src/main.c ****   RCC_ClkInitTypeDef RCC_ClkInitStruct = {0};
 255              		.loc 1 119 22 is_stmt 0 view .LVU68
 256 0004 4422     		movs	r2, #68
 257 0006 0021     		movs	r1, #0
 258 0008 05A8     		add	r0, sp, #20
 259 000a FFF7FEFF 		bl	memset
 260              	.LVL3:
 120:Core/Src/main.c **** 
 261              		.loc 1 120 3 is_stmt 1 view .LVU69
 120:Core/Src/main.c **** 
 262              		.loc 1 120 22 is_stmt 0 view .LVU70
 263 000e 0023     		movs	r3, #0
 264 0010 0093     		str	r3, [sp]
ARM GAS  C:\Users\Ali\AppData\Local\Temp\ccrDxa2u.s 			page 14


 265 0012 0193     		str	r3, [sp, #4]
 266 0014 0293     		str	r3, [sp, #8]
 267 0016 0393     		str	r3, [sp, #12]
 268 0018 0493     		str	r3, [sp, #16]
 124:Core/Src/main.c ****   {
 269              		.loc 1 124 3 is_stmt 1 view .LVU71
 124:Core/Src/main.c ****   {
 270              		.loc 1 124 7 is_stmt 0 view .LVU72
 271 001a 4FF40070 		mov	r0, #512
 272 001e FFF7FEFF 		bl	HAL_PWREx_ControlVoltageScaling
 273              	.LVL4:
 124:Core/Src/main.c ****   {
 274              		.loc 1 124 6 discriminator 1 view .LVU73
 275 0022 D8B9     		cbnz	r0, .L18
 132:Core/Src/main.c ****   RCC_OscInitStruct.MSIState = RCC_MSI_ON;
 276              		.loc 1 132 3 is_stmt 1 view .LVU74
 132:Core/Src/main.c ****   RCC_OscInitStruct.MSIState = RCC_MSI_ON;
 277              		.loc 1 132 36 is_stmt 0 view .LVU75
 278 0024 1023     		movs	r3, #16
 279 0026 0593     		str	r3, [sp, #20]
 133:Core/Src/main.c ****   RCC_OscInitStruct.MSICalibrationValue = 0;
 280              		.loc 1 133 3 is_stmt 1 view .LVU76
 133:Core/Src/main.c ****   RCC_OscInitStruct.MSICalibrationValue = 0;
 281              		.loc 1 133 30 is_stmt 0 view .LVU77
 282 0028 0123     		movs	r3, #1
 283 002a 0B93     		str	r3, [sp, #44]
 134:Core/Src/main.c ****   RCC_OscInitStruct.MSIClockRange = RCC_MSIRANGE_11;
 284              		.loc 1 134 3 is_stmt 1 view .LVU78
 134:Core/Src/main.c ****   RCC_OscInitStruct.MSIClockRange = RCC_MSIRANGE_11;
 285              		.loc 1 134 41 is_stmt 0 view .LVU79
 286 002c 0023     		movs	r3, #0
 287 002e 0C93     		str	r3, [sp, #48]
 135:Core/Src/main.c ****   RCC_OscInitStruct.PLL.PLLState = RCC_PLL_NONE;
 288              		.loc 1 135 3 is_stmt 1 view .LVU80
 135:Core/Src/main.c ****   RCC_OscInitStruct.PLL.PLLState = RCC_PLL_NONE;
 289              		.loc 1 135 35 is_stmt 0 view .LVU81
 290 0030 B022     		movs	r2, #176
 291 0032 0D92     		str	r2, [sp, #52]
 136:Core/Src/main.c ****   if (HAL_RCC_OscConfig(&RCC_OscInitStruct) != HAL_OK)
 292              		.loc 1 136 3 is_stmt 1 view .LVU82
 136:Core/Src/main.c ****   if (HAL_RCC_OscConfig(&RCC_OscInitStruct) != HAL_OK)
 293              		.loc 1 136 34 is_stmt 0 view .LVU83
 294 0034 0F93     		str	r3, [sp, #60]
 137:Core/Src/main.c ****   {
 295              		.loc 1 137 3 is_stmt 1 view .LVU84
 137:Core/Src/main.c ****   {
 296              		.loc 1 137 7 is_stmt 0 view .LVU85
 297 0036 05A8     		add	r0, sp, #20
 298 0038 FFF7FEFF 		bl	HAL_RCC_OscConfig
 299              	.LVL5:
 137:Core/Src/main.c ****   {
 300              		.loc 1 137 6 discriminator 1 view .LVU86
 301 003c 80B9     		cbnz	r0, .L19
 144:Core/Src/main.c ****                               |RCC_CLOCKTYPE_PCLK1|RCC_CLOCKTYPE_PCLK2;
 302              		.loc 1 144 3 is_stmt 1 view .LVU87
 144:Core/Src/main.c ****                               |RCC_CLOCKTYPE_PCLK1|RCC_CLOCKTYPE_PCLK2;
 303              		.loc 1 144 31 is_stmt 0 view .LVU88
ARM GAS  C:\Users\Ali\AppData\Local\Temp\ccrDxa2u.s 			page 15


 304 003e 0F23     		movs	r3, #15
 305 0040 0093     		str	r3, [sp]
 146:Core/Src/main.c ****   RCC_ClkInitStruct.AHBCLKDivider = RCC_SYSCLK_DIV1;
 306              		.loc 1 146 3 is_stmt 1 view .LVU89
 146:Core/Src/main.c ****   RCC_ClkInitStruct.AHBCLKDivider = RCC_SYSCLK_DIV1;
 307              		.loc 1 146 34 is_stmt 0 view .LVU90
 308 0042 0023     		movs	r3, #0
 309 0044 0193     		str	r3, [sp, #4]
 147:Core/Src/main.c ****   RCC_ClkInitStruct.APB1CLKDivider = RCC_HCLK_DIV1;
 310              		.loc 1 147 3 is_stmt 1 view .LVU91
 147:Core/Src/main.c ****   RCC_ClkInitStruct.APB1CLKDivider = RCC_HCLK_DIV1;
 311              		.loc 1 147 35 is_stmt 0 view .LVU92
 312 0046 0293     		str	r3, [sp, #8]
 148:Core/Src/main.c ****   RCC_ClkInitStruct.APB2CLKDivider = RCC_HCLK_DIV1;
 313              		.loc 1 148 3 is_stmt 1 view .LVU93
 148:Core/Src/main.c ****   RCC_ClkInitStruct.APB2CLKDivider = RCC_HCLK_DIV1;
 314              		.loc 1 148 36 is_stmt 0 view .LVU94
 315 0048 0393     		str	r3, [sp, #12]
 149:Core/Src/main.c **** 
 316              		.loc 1 149 3 is_stmt 1 view .LVU95
 149:Core/Src/main.c **** 
 317              		.loc 1 149 36 is_stmt 0 view .LVU96
 318 004a 0493     		str	r3, [sp, #16]
 151:Core/Src/main.c ****   {
 319              		.loc 1 151 3 is_stmt 1 view .LVU97
 151:Core/Src/main.c ****   {
 320              		.loc 1 151 7 is_stmt 0 view .LVU98
 321 004c 0221     		movs	r1, #2
 322 004e 6846     		mov	r0, sp
 323 0050 FFF7FEFF 		bl	HAL_RCC_ClockConfig
 324              	.LVL6:
 151:Core/Src/main.c ****   {
 325              		.loc 1 151 6 discriminator 1 view .LVU99
 326 0054 30B9     		cbnz	r0, .L20
 155:Core/Src/main.c **** 
 327              		.loc 1 155 1 view .LVU100
 328 0056 17B0     		add	sp, sp, #92
 329              		.cfi_remember_state
 330              		.cfi_def_cfa_offset 4
 331              		@ sp needed
 332 0058 5DF804FB 		ldr	pc, [sp], #4
 333              	.L18:
 334              		.cfi_restore_state
 126:Core/Src/main.c ****   }
 335              		.loc 1 126 5 is_stmt 1 view .LVU101
 336 005c FFF7FEFF 		bl	Error_Handler
 337              	.LVL7:
 338              	.L19:
 139:Core/Src/main.c ****   }
 339              		.loc 1 139 5 view .LVU102
 340 0060 FFF7FEFF 		bl	Error_Handler
 341              	.LVL8:
 342              	.L20:
 153:Core/Src/main.c ****   }
 343              		.loc 1 153 5 view .LVU103
 344 0064 FFF7FEFF 		bl	Error_Handler
 345              	.LVL9:
ARM GAS  C:\Users\Ali\AppData\Local\Temp\ccrDxa2u.s 			page 16


 346              		.cfi_endproc
 347              	.LFE133:
 349              		.section	.text.main,"ax",%progbits
 350              		.align	1
 351              		.global	main
 352              		.syntax unified
 353              		.thumb
 354              		.thumb_func
 356              	main:
 357              	.LFB132:
  67:Core/Src/main.c **** 
 358              		.loc 1 67 1 view -0
 359              		.cfi_startproc
 360              		@ Volatile: function does not return.
 361              		@ args = 0, pretend = 0, frame = 0
 362              		@ frame_needed = 0, uses_anonymous_args = 0
 363 0000 08B5     		push	{r3, lr}
 364              		.cfi_def_cfa_offset 8
 365              		.cfi_offset 3, -8
 366              		.cfi_offset 14, -4
  76:Core/Src/main.c **** 
 367              		.loc 1 76 3 view .LVU105
 368 0002 FFF7FEFF 		bl	HAL_Init
 369              	.LVL10:
  83:Core/Src/main.c **** 
 370              		.loc 1 83 3 view .LVU106
 371 0006 FFF7FEFF 		bl	SystemClock_Config
 372              	.LVL11:
  90:Core/Src/main.c ****   MX_CAN1_Init();
 373              		.loc 1 90 3 view .LVU107
 374 000a FFF7FEFF 		bl	MX_GPIO_Init
 375              	.LVL12:
  91:Core/Src/main.c ****   /* USER CODE BEGIN 2 */
 376              		.loc 1 91 3 view .LVU108
 377 000e FFF7FEFF 		bl	MX_CAN1_Init
 378              	.LVL13:
  95:Core/Src/main.c ****   
 379              		.loc 1 95 3 view .LVU109
 380 0012 0348     		ldr	r0, .L24
 381 0014 FFF7FEFF 		bl	Bootloader_Init
 382              	.LVL14:
  98:Core/Src/main.c **** 
 383              		.loc 1 98 3 view .LVU110
 384 0018 FFF7FEFF 		bl	Bootloader_Main
 385              	.LVL15:
 386              	.L22:
 104:Core/Src/main.c ****   {
 387              		.loc 1 104 3 view .LVU111
 109:Core/Src/main.c ****   /* USER CODE END 3 */
 388              		.loc 1 109 3 view .LVU112
 104:Core/Src/main.c ****   {
 389              		.loc 1 104 9 view .LVU113
 390 001c FEE7     		b	.L22
 391              	.L25:
 392 001e 00BF     		.align	2
 393              	.L24:
 394 0020 00000000 		.word	hcan1
ARM GAS  C:\Users\Ali\AppData\Local\Temp\ccrDxa2u.s 			page 17


 395              		.cfi_endproc
 396              	.LFE132:
 398              		.global	hcan1
 399              		.section	.bss.hcan1,"aw",%nobits
 400              		.align	2
 403              	hcan1:
 404 0000 00000000 		.space	40
 404      00000000 
 404      00000000 
 404      00000000 
 404      00000000 
 405              		.text
 406              	.Letext0:
 407              		.file 3 "C:/Users/Ali/AppData/Roaming/Code/User/globalStorage/bmd.stm32-for-vscode/@xpack-dev-tool
 408              		.file 4 "C:/Users/Ali/AppData/Roaming/Code/User/globalStorage/bmd.stm32-for-vscode/@xpack-dev-tool
 409              		.file 5 "Drivers/CMSIS/Device/ST/STM32L4xx/Include/stm32l432xx.h"
 410              		.file 6 "Drivers/CMSIS/Device/ST/STM32L4xx/Include/stm32l4xx.h"
 411              		.file 7 "Drivers/STM32L4xx_HAL_Driver/Inc/stm32l4xx_hal_def.h"
 412              		.file 8 "Drivers/STM32L4xx_HAL_Driver/Inc/stm32l4xx_hal_rcc.h"
 413              		.file 9 "Drivers/STM32L4xx_HAL_Driver/Inc/stm32l4xx_hal_gpio.h"
 414              		.file 10 "Drivers/STM32L4xx_HAL_Driver/Inc/stm32l4xx_hal_can.h"
 415              		.file 11 "Drivers/STM32L4xx_HAL_Driver/Inc/stm32l4xx_hal_pwr_ex.h"
 416              		.file 12 "Core/Inc/bootloader.h"
 417              		.file 13 "Drivers/STM32L4xx_HAL_Driver/Inc/stm32l4xx_hal.h"
 418              		.file 14 "<built-in>"
ARM GAS  C:\Users\Ali\AppData\Local\Temp\ccrDxa2u.s 			page 18


DEFINED SYMBOLS
                            *ABS*:00000000 main.c
C:\Users\Ali\AppData\Local\Temp\ccrDxa2u.s:21     .text.MX_GPIO_Init:00000000 $t
C:\Users\Ali\AppData\Local\Temp\ccrDxa2u.s:26     .text.MX_GPIO_Init:00000000 MX_GPIO_Init
C:\Users\Ali\AppData\Local\Temp\ccrDxa2u.s:115    .text.MX_GPIO_Init:00000064 $d
C:\Users\Ali\AppData\Local\Temp\ccrDxa2u.s:120    .text.Error_Handler:00000000 $t
C:\Users\Ali\AppData\Local\Temp\ccrDxa2u.s:126    .text.Error_Handler:00000000 Error_Handler
C:\Users\Ali\AppData\Local\Temp\ccrDxa2u.s:158    .text.MX_CAN1_Init:00000000 $t
C:\Users\Ali\AppData\Local\Temp\ccrDxa2u.s:163    .text.MX_CAN1_Init:00000000 MX_CAN1_Init
C:\Users\Ali\AppData\Local\Temp\ccrDxa2u.s:231    .text.MX_CAN1_Init:00000038 $d
C:\Users\Ali\AppData\Local\Temp\ccrDxa2u.s:403    .bss.hcan1:00000000 hcan1
C:\Users\Ali\AppData\Local\Temp\ccrDxa2u.s:237    .text.SystemClock_Config:00000000 $t
C:\Users\Ali\AppData\Local\Temp\ccrDxa2u.s:243    .text.SystemClock_Config:00000000 SystemClock_Config
C:\Users\Ali\AppData\Local\Temp\ccrDxa2u.s:350    .text.main:00000000 $t
C:\Users\Ali\AppData\Local\Temp\ccrDxa2u.s:356    .text.main:00000000 main
C:\Users\Ali\AppData\Local\Temp\ccrDxa2u.s:394    .text.main:00000020 $d
C:\Users\Ali\AppData\Local\Temp\ccrDxa2u.s:400    .bss.hcan1:00000000 $d

UNDEFINED SYMBOLS
HAL_GPIO_Init
HAL_CAN_Init
memset
HAL_PWREx_ControlVoltageScaling
HAL_RCC_OscConfig
HAL_RCC_ClockConfig
HAL_Init
Bootloader_Init
Bootloader_Main
